../Drivers/CMSIS/Include/core_cm3.h:1876:26:ITM_SendChar	16	static,ignoring_inline_asm
../Core/Src/main.c:75:6:receiver	8	static
../Core/Src/main.c:92:6:transmitter	8	static
../Core/Src/main.c:110:5:main	8	static
../Core/Src/main.c:186:6:SystemClock_Config	72	static
../Core/Src/main.c:226:13:MX_SPI2_Init	8	static
../Core/Src/main.c:264:13:MX_USART1_UART_Init	8	static
../Core/Src/main.c:297:13:MX_GPIO_Init	40	static
../Core/Src/main.c:344:5:_write	32	static
../Core/Src/main.c:361:6:Error_Handler	4	static,ignoring_inline_asm
